>>> Creating remote workspace on moo...
** WARNING: connection is not using a post-quantum key exchange algorithm.
** This session may be vulnerable to "store now, decrypt later" attacks.
** The server may need to be upgraded. See https://openssh.com/pq.html
<3>WSL (917) ERROR: UtilTranslatePathList:2852: Failed to translate F:\dev\venv\lipy\Scripts
<3>WSL (917) ERROR: UtilTranslatePathList:2852: Failed to translate F:\bin
>>>   Windows path: C:/Users/under/AppData/Local/Temp/wsl-run-11181ab6-2b4b-4f73-a8c6-0581506b23b2
>>>   WSL path:     /c/Users/under/AppData/Local/Temp/wsl-run-11181ab6-2b4b-4f73-a8c6-0581506b23b2
>>> Transferring repository to moo...
<3>WSL (940) ERROR: UtilTranslatePathList:2852: Failed to translate F:\dev\venv\lipy\Scripts
<3>WSL (940) ERROR: UtilTranslatePathList:2852: Failed to translate F:\bin
>>> Transfer complete.
>>>   Payload: 3672 chars (encoded), 3726 chars (full command)
>>> Executing on moo...
** WARNING: connection is not using a post-quantum key exchange algorithm.
** This session may be vulnerable to "store now, decrypt later" attacks.
** The server may need to be upgraded. See https://openssh.com/pq.html
<3>WSL (1214) ERROR: UtilTranslatePathList:2852: Failed to translate F:\dev\venv\lipy\Scripts
<3>WSL (1214) ERROR: UtilTranslatePathList:2852: Failed to translate F:\bin
tournament: schema=1
tournament: meta=head=
fatal: not a git repository (or any parent up to mount point /)
Stopping at filesystem boundary (GIT_DISCOVERY_ACROSS_FILESYSTEM not set).
tournament: meta=source-state=clean
fatal: not a git repository (or any parent up to mount point /)
Stopping at filesystem boundary (GIT_DISCOVERY_ACROSS_FILESYSTEM not set).
tournament: meta=go-version=go version go1.20.2 linux/amd64
tournament: meta=sample-count=5
tournament: meta=manifest-git-blob=3f4195c91a05859b3bfb2987db0898a46a7b7175
flag provided but not defined: -C
tournament: meta=goja-fork-version=
Go is a tool for managing Go source code.

Usage:

	go <command> [arguments]

The commands are:

	bug         start a bug report
	build       compile packages and dependencies
	clean       remove object files and cached files
	doc         show documentation for package or symbol
	env         print Go environment information
	fix         update packages to use new APIs
	fmt         gofmt (reformat) package sources
	generate    generate Go files by processing source
	get         add dependencies to current module and install them
	install     compile and install packages and dependencies
	list        list packages or modules
	mod         module maintenance
	work        workspace maintenance
	run         compile and run Go program
	test        test packages
	tool        run specified go tool
	version     print Go version
	vet         report likely mistakes in packages

Use "go help <command>" for more information about a command.

Additional help topics:

	buildconstraint build constraints
	buildmode       build modes
	c               calling between Go and C
	cache           build and test caching
	environment     environment variables
	filetype        file types
	go.mod          the go.mod file
	gopath          GOPATH environment variable
	gopath-get      legacy GOPATH go get
	goproxy         module proxy protocol
	importpath      import path syntax
	modules         modules, module versions, and more
	module-get      module-aware go get
	module-auth     module authentication using go.sum
	packages        package lists and patterns
	private         configuration for downloading non-public code
	testflag        testing flags
	testfunc        testing functions
	vcs             controlling version control with GOVCS

Use "go help <topic>" for more information about that topic.

tournament: meta=goja-nodejs-version=
flag provided but not defined: -C
Go is a tool for managing Go source code.

Usage:

	go <command> [arguments]

The commands are:

	bug         start a bug report
	build       compile packages and dependencies
	clean       remove object files and cached files
	doc         show documentation for package or symbol
	env         print Go environment information
	fix         update packages to use new APIs
	fmt         gofmt (reformat) package sources
	generate    generate Go files by processing source
	get         add dependencies to current module and install them
	install     compile and install packages and dependencies
	list        list packages or modules
	mod         module maintenance
	work        workspace maintenance
	run         compile and run Go program
	test        test packages
	tool        run specified go tool
	version     print Go version
	vet         report likely mistakes in packages

Use "go help <command>" for more information about a command.

Additional help topics:

	buildconstraint build constraints
	buildmode       build modes
	c               calling between Go and C
	cache           build and test caching
	environment     environment variables
	filetype        file types
	go.mod          the go.mod file
	gopath          GOPATH environment variable
	gopath-get      legacy GOPATH go get
	goproxy         module proxy protocol
	importpath      import path syntax
	modules         modules, module versions, and more
	module-get      module-aware go get
	module-auth     module authentication using go.sum
	packages        package lists and patterns
	private         configuration for downloading non-public code
	testflag        testing flags
	testfunc        testing functions
	vcs             controlling version control with GOVCS

Use "go help <topic>" for more information about that topic.

tournament: meta=source-fingerprint=
flag provided but not defined: -C
Go is a tool for managing Go source code.

Usage:

	go <command> [arguments]

The commands are:

	bug         start a bug report
	build       compile packages and dependencies
	clean       remove object files and cached files
	doc         show documentation for package or symbol
	env         print Go environment information
	fix         update packages to use new APIs
	fmt         gofmt (reformat) package sources
	generate    generate Go files by processing source
	get         add dependencies to current module and install them
	install     compile and install packages and dependencies
	list        list packages or modules
	mod         module maintenance
	work        workspace maintenance
	run         compile and run Go program
	test        test packages
	tool        run specified go tool
	version     print Go version
	vet         report likely mistakes in packages

Use "go help <command>" for more information about a command.

Additional help topics:

	buildconstraint build constraints
	buildmode       build modes
	c               calling between Go and C
	cache           build and test caching
	environment     environment variables
	filetype        file types
	go.mod          the go.mod file
	gopath          GOPATH environment variable
	gopath-get      legacy GOPATH go get
	goproxy         module proxy protocol
	importpath      import path syntax
	modules         modules, module versions, and more
	module-get      module-aware go get
	module-auth     module authentication using go.sum
	packages        package lists and patterns
	private         configuration for downloading non-public code
	testflag        testing flags
	testfunc        testing functions
	vcs             controlling version control with GOVCS

Use "go help <topic>" for more information about that topic.

make[1]: *** [/c/Users/under/AppData/Local/Temp/wsl-run-11181ab6-2b4b-4f73-a8c6-0581506b23b2/project.mk:456: eventloop-tournament-source-fingerprint] Error 2
flag provided but not defined: -C
Go is a tool for managing Go source code.

Usage:

	go <command> [arguments]

The commands are:

	bug         start a bug report
	build       compile packages and dependencies
	clean       remove object files and cached files
	doc         show documentation for package or symbol
	env         print Go environment information
	fix         update packages to use new APIs
	fmt         gofmt (reformat) package sources
	generate    generate Go files by processing source
	get         add dependencies to current module and install them
	install     compile and install packages and dependencies
	list        list packages or modules
	mod         module maintenance
	work        workspace maintenance
	run         compile and run Go program
	test        test packages
	tool        run specified go tool
	version     print Go version
	vet         report likely mistakes in packages

Use "go help <command>" for more information about a command.

Additional help topics:

	buildconstraint build constraints
	buildmode       build modes
	c               calling between Go and C
	cache           build and test caching
	environment     environment variables
	filetype        file types
	go.mod          the go.mod file
	gopath          GOPATH environment variable
	gopath-get      legacy GOPATH go get
	goproxy         module proxy protocol
	importpath      import path syntax
	modules         modules, module versions, and more
	module-get      module-aware go get
	module-auth     module authentication using go.sum
	packages        package lists and patterns
	private         configuration for downloading non-public code
	testflag        testing flags
	testfunc        testing functions
	vcs             controlling version control with GOVCS

Use "go help <topic>" for more information about that topic.

make[1]: *** [/c/Users/under/AppData/Local/Temp/wsl-run-11181ab6-2b4b-4f73-a8c6-0581506b23b2/project.mk:337: eventloop-tournament-component-cross] Error 2
make: *** [/c/Users/under/AppData/Local/Temp/wsl-run-11181ab6-2b4b-4f73-a8c6-0581506b23b2/project.mk:529: eventloop-tournament-bench] Error 2
>>> SSH exit code: 2
