gmake[1]: Entering directory '/Users/joeyc/dev/go-utilpkg'
go -C /Users/joeyc/dev/go-utilpkg test -bench='^Benchmark(AutoExit_ImmediateExit|FDReadinessDispatchSingle|FDReadinessDispatchHighCount|SparseFDRegistration|MicrotaskScheduleExternal|MicrotaskScheduleLoopThread|NextTickScheduleExternal|NextTickScheduleLoopThread|NextTickRecursiveDrain|TimerScheduleSameDeadline100K|TimerScheduleRandomDeadlines|TimerCancelScale|SetIntervalSteadyTicks|SetImmediateBurst|MetricsHotPath|MetricsHotPathSnapshot|SchedulerPriorityLatency|SubmitInternalChainHandoff|SchedulerInternalExternalBurst|ProcessBeforeExitSchedulesTimer|NativeAsyncAwaitResolve|AdapterAsyncAwaitResolve|NativePromiseThenChain|GojaPromiseChainHandoff|PromiseJobEnqueuerOverhead|ScheduleMicrotaskBaseline)$' -benchmem -count=5 -run='^$' -benchtime=1s -timeout=10m ./eventloop ./eventloop/internal/tournament ./goja-eventloop
goos: darwin
goarch: arm64
pkg: github.com/joeycumines/go-eventloop
cpu: Apple M3 Max
BenchmarkAutoExit_ImmediateExit-14           	  347931	      3551 ns/op	   19577 B/op	      28 allocs/op
BenchmarkAutoExit_ImmediateExit-14           	  369922	      3513 ns/op	   19576 B/op	      28 allocs/op
BenchmarkAutoExit_ImmediateExit-14           	  326106	      3689 ns/op	   19576 B/op	      28 allocs/op
BenchmarkAutoExit_ImmediateExit-14           	  317880	      3692 ns/op	   19576 B/op	      28 allocs/op
BenchmarkAutoExit_ImmediateExit-14           	  308206	      3728 ns/op	   19576 B/op	      28 allocs/op
BenchmarkFDReadinessDispatchSingle-14        	  139947	      8440 ns/op	      16 B/op	       1 allocs/op
BenchmarkFDReadinessDispatchSingle-14        	  153162	      7808 ns/op	      16 B/op	       1 allocs/op
BenchmarkFDReadinessDispatchSingle-14        	  141831	      8444 ns/op	      16 B/op	       1 allocs/op
BenchmarkFDReadinessDispatchSingle-14        	  152230	      7641 ns/op	      16 B/op	       1 allocs/op
BenchmarkFDReadinessDispatchSingle-14        	  145578	      8294 ns/op	      16 B/op	       1 allocs/op
BenchmarkFDReadinessDispatchHighCount-14     	    1251	   1034607 ns/op	      1000 fds/op	   16015 B/op	    1000 allocs/op
BenchmarkFDReadinessDispatchHighCount-14     	    1246	    983700 ns/op	      1000 fds/op	   16019 B/op	    1000 allocs/op
BenchmarkFDReadinessDispatchHighCount-14     	    1208	    981396 ns/op	      1000 fds/op	   16015 B/op	    1000 allocs/op
BenchmarkFDReadinessDispatchHighCount-14     	    1196	    938096 ns/op	      1000 fds/op	   16015 B/op	    1000 allocs/op
BenchmarkFDReadinessDispatchHighCount-14     	    1287	    935757 ns/op	      1000 fds/op	   16014 B/op	    1000 allocs/op
BenchmarkSparseFDRegistration-14             	 1000000	      1156 ns/op	      80 B/op	       3 allocs/op
BenchmarkSparseFDRegistration-14             	 1000000	      1156 ns/op	      80 B/op	       3 allocs/op
BenchmarkSparseFDRegistration-14             	 1000000	      1194 ns/op	      80 B/op	       3 allocs/op
BenchmarkSparseFDRegistration-14             	  990544	      1214 ns/op	      80 B/op	       3 allocs/op
BenchmarkSparseFDRegistration-14             	  929216	      1392 ns/op	      80 B/op	       3 allocs/op
BenchmarkMicrotaskScheduleExternal-14        	17299072	        60.23 ns/op	       1 B/op	       0 allocs/op
BenchmarkMicrotaskScheduleExternal-14        	19786568	        57.07 ns/op	       1 B/op	       0 allocs/op
BenchmarkMicrotaskScheduleExternal-14        	21213187	        54.73 ns/op	       0 B/op	       0 allocs/op
BenchmarkMicrotaskScheduleExternal-14        	21789721	        55.79 ns/op	       0 B/op	       0 allocs/op
BenchmarkMicrotaskScheduleExternal-14        	21432700	        55.82 ns/op	       0 B/op	       0 allocs/op
BenchmarkMicrotaskScheduleLoopThread-14      	214279764	         5.620 ns/op	       0 B/op	       0 allocs/op
BenchmarkMicrotaskScheduleLoopThread-14      	212262140	         5.595 ns/op	       0 B/op	       0 allocs/op
BenchmarkMicrotaskScheduleLoopThread-14      	213418815	         5.578 ns/op	       0 B/op	       0 allocs/op
BenchmarkMicrotaskScheduleLoopThread-14      	213386480	         5.602 ns/op	       0 B/op	       0 allocs/op
BenchmarkMicrotaskScheduleLoopThread-14      	213801728	         5.573 ns/op	       0 B/op	       0 allocs/op
BenchmarkNextTickScheduleExternal-14         	21361941	        54.95 ns/op	       0 B/op	       0 allocs/op
BenchmarkNextTickScheduleExternal-14         	22579432	        54.86 ns/op	       0 B/op	       0 allocs/op
BenchmarkNextTickScheduleExternal-14         	21455118	        54.53 ns/op	       0 B/op	       0 allocs/op
BenchmarkNextTickScheduleExternal-14         	21358410	        56.09 ns/op	       0 B/op	       0 allocs/op
BenchmarkNextTickScheduleExternal-14         	22681344	        56.11 ns/op	       0 B/op	       0 allocs/op
BenchmarkNextTickScheduleLoopThread-14       	215100566	         5.596 ns/op	       0 B/op	       0 allocs/op
BenchmarkNextTickScheduleLoopThread-14       	215332454	         5.537 ns/op	       0 B/op	       0 allocs/op
BenchmarkNextTickScheduleLoopThread-14       	216705775	         5.566 ns/op	       0 B/op	       0 allocs/op
BenchmarkNextTickScheduleLoopThread-14       	216815629	         5.570 ns/op	       0 B/op	       0 allocs/op
BenchmarkNextTickScheduleLoopThread-14       	214225761	         5.555 ns/op	       0 B/op	       0 allocs/op
BenchmarkNextTickRecursiveDrain-14           	100000000	        11.78 ns/op	       0 B/op	       0 allocs/op
BenchmarkNextTickRecursiveDrain-14           	100000000	        11.79 ns/op	       0 B/op	       0 allocs/op
BenchmarkNextTickRecursiveDrain-14           	100000000	        11.93 ns/op	       0 B/op	       0 allocs/op
BenchmarkNextTickRecursiveDrain-14           	100000000	        11.84 ns/op	       0 B/op	       0 allocs/op
BenchmarkNextTickRecursiveDrain-14           	100000000	        11.79 ns/op	       0 B/op	       0 allocs/op
BenchmarkTimerScheduleSameDeadline100K-14    	     192	   9938502 ns/op	    100000 timers/op	   24719 B/op	       3 allocs/op
BenchmarkTimerScheduleSameDeadline100K-14    	     194	   5827956 ns/op	    100000 timers/op	   24455 B/op	       3 allocs/op
BenchmarkTimerScheduleSameDeadline100K-14    	     205	   5833366 ns/op	    100000 timers/op	   23145 B/op	       3 allocs/op
BenchmarkTimerScheduleSameDeadline100K-14    	     205	   5826277 ns/op	    100000 timers/op	   23145 B/op	       3 allocs/op
BenchmarkTimerScheduleSameDeadline100K-14    	     205	   5968475 ns/op	    100000 timers/op	   23146 B/op	       3 allocs/op
BenchmarkTimerScheduleRandomDeadlines-14     	 3275065	       430.1 ns/op	     258 B/op	       1 allocs/op
BenchmarkTimerScheduleRandomDeadlines-14     	 3563224	       427.9 ns/op	     262 B/op	       1 allocs/op
BenchmarkTimerScheduleRandomDeadlines-14     	 3520297	       434.0 ns/op	     260 B/op	       1 allocs/op
BenchmarkTimerScheduleRandomDeadlines-14     	 3425253	       427.8 ns/op	     253 B/op	       1 allocs/op
BenchmarkTimerScheduleRandomDeadlines-14     	 3457683	       449.4 ns/op	     259 B/op	       1 allocs/op
BenchmarkTimerCancelScale-14                 	 7824680	       199.8 ns/op	      25 B/op	       0 allocs/op
BenchmarkTimerCancelScale-14                 	 7580598	       198.7 ns/op	      17 B/op	       0 allocs/op
BenchmarkTimerCancelScale-14                 	 7460269	       200.4 ns/op	      20 B/op	       0 allocs/op
BenchmarkTimerCancelScale-14                 	 6786526	       204.6 ns/op	      22 B/op	       0 allocs/op
BenchmarkTimerCancelScale-14                 	 9534556	       191.9 ns/op	      29 B/op	       0 allocs/op
BenchmarkSetIntervalSteadyTicks-14           	     285	   4401003 ns/op	      74 B/op	       1 allocs/op
BenchmarkSetIntervalSteadyTicks-14           	     282	   4428102 ns/op	      74 B/op	       1 allocs/op
BenchmarkSetIntervalSteadyTicks-14           	     282	   4423987 ns/op	      74 B/op	       1 allocs/op
BenchmarkSetIntervalSteadyTicks-14           	     282	   4434311 ns/op	      74 B/op	       1 allocs/op
BenchmarkSetIntervalSteadyTicks-14           	     283	   4413677 ns/op	      74 B/op	       1 allocs/op
BenchmarkSetImmediateBurst-14                	 4689712	       262.1 ns/op	      48 B/op	       2 allocs/op
BenchmarkSetImmediateBurst-14                	 4669171	       266.6 ns/op	      48 B/op	       2 allocs/op
BenchmarkSetImmediateBurst-14                	 4613856	       265.6 ns/op	      48 B/op	       2 allocs/op
BenchmarkSetImmediateBurst-14                	 4691880	       261.9 ns/op	      48 B/op	       2 allocs/op
BenchmarkSetImmediateBurst-14                	 4582746	       264.8 ns/op	      48 B/op	       2 allocs/op
BenchmarkMetricsHotPath-14                   	13433173	        91.92 ns/op	       0 B/op	       0 allocs/op
BenchmarkMetricsHotPath-14                   	13415408	        88.39 ns/op	       0 B/op	       0 allocs/op
BenchmarkMetricsHotPath-14                   	13397592	        88.62 ns/op	       0 B/op	       0 allocs/op
BenchmarkMetricsHotPath-14                   	13398507	        89.15 ns/op	       0 B/op	       0 allocs/op
BenchmarkMetricsHotPath-14                   	13519704	        89.05 ns/op	       0 B/op	       0 allocs/op
BenchmarkMetricsHotPathSnapshot-14           	  472971	      2924 ns/op	   17664 B/op	       2 allocs/op
BenchmarkMetricsHotPathSnapshot-14           	  442035	      2919 ns/op	   17664 B/op	       2 allocs/op
BenchmarkMetricsHotPathSnapshot-14           	  400544	      2883 ns/op	   17664 B/op	       2 allocs/op
BenchmarkMetricsHotPathSnapshot-14           	  417380	      2941 ns/op	   17664 B/op	       2 allocs/op
BenchmarkMetricsHotPathSnapshot-14           	  392996	      2972 ns/op	   17664 B/op	       2 allocs/op
PASS
ok  	github.com/joeycumines/go-eventloop	177.354s
goos: darwin
goarch: arm64
pkg: github.com/joeycumines/go-eventloop/internal/tournament
cpu: Apple M3 Max
BenchmarkSchedulerPriorityLatency/Main-14     	  143671	      8126 ns/op	         0 externals_before_internal/op	      1842 priority_latency_ns/op	    2096 B/op	      71 allocs/op
BenchmarkSchedulerPriorityLatency/Main-14     	  158368	      8238 ns/op	         0 externals_before_internal/op	      1847 priority_latency_ns/op	    2096 B/op	      71 allocs/op
BenchmarkSchedulerPriorityLatency/Main-14     	  139677	      8193 ns/op	         0 externals_before_internal/op	      1853 priority_latency_ns/op	    2096 B/op	      71 allocs/op
BenchmarkSchedulerPriorityLatency/Main-14     	  141228	      8236 ns/op	         0 externals_before_internal/op	      1861 priority_latency_ns/op	    2096 B/op	      71 allocs/op
BenchmarkSchedulerPriorityLatency/Main-14     	  152914	      8503 ns/op	         0 externals_before_internal/op	      1906 priority_latency_ns/op	    2096 B/op	      71 allocs/op
BenchmarkSchedulerPriorityLatency/AlternateOne-14         	   44845	     24516 ns/op	        64.00 externals_before_internal/op	      6031 priority_latency_ns/op	    2096 B/op	      71 allocs/op
BenchmarkSchedulerPriorityLatency/AlternateOne-14         	   48751	     24617 ns/op	        64.00 externals_before_internal/op	      6103 priority_latency_ns/op	    2096 B/op	      71 allocs/op
BenchmarkSchedulerPriorityLatency/AlternateOne-14         	   54030	     24270 ns/op	        64.00 externals_before_internal/op	      6112 priority_latency_ns/op	    2096 B/op	      71 allocs/op
BenchmarkSchedulerPriorityLatency/AlternateOne-14         	   49840	     23952 ns/op	        64.00 externals_before_internal/op	      5895 priority_latency_ns/op	    2096 B/op	      71 allocs/op
BenchmarkSchedulerPriorityLatency/AlternateOne-14         	   48066	     23916 ns/op	        64.00 externals_before_internal/op	      5875 priority_latency_ns/op	    2096 B/op	      71 allocs/op
BenchmarkSchedulerPriorityLatency/AlternateTwo-14         	   44486	     27806 ns/op	         0 externals_before_internal/op	      4949 priority_latency_ns/op	    2118 B/op	      71 allocs/op
BenchmarkSchedulerPriorityLatency/AlternateTwo-14         	   44730	     26696 ns/op	         0 externals_before_internal/op	      4662 priority_latency_ns/op	    2119 B/op	      71 allocs/op
BenchmarkSchedulerPriorityLatency/AlternateTwo-14         	   44091	     27701 ns/op	         0 externals_before_internal/op	      4905 priority_latency_ns/op	    2119 B/op	      71 allocs/op
BenchmarkSchedulerPriorityLatency/AlternateTwo-14         	   44832	     26513 ns/op	         0 externals_before_internal/op	      4607 priority_latency_ns/op	    2119 B/op	      71 allocs/op
BenchmarkSchedulerPriorityLatency/AlternateTwo-14         	   44191	     28309 ns/op	         0 externals_before_internal/op	      5142 priority_latency_ns/op	    2119 B/op	      71 allocs/op
BenchmarkSchedulerPriorityLatency/AlternateThree-14       	   49088	     23659 ns/op	         0 externals_before_internal/op	      4196 priority_latency_ns/op	    2096 B/op	      71 allocs/op
BenchmarkSchedulerPriorityLatency/AlternateThree-14       	   49594	     23432 ns/op	         0 externals_before_internal/op	      4014 priority_latency_ns/op	    2096 B/op	      71 allocs/op
BenchmarkSchedulerPriorityLatency/AlternateThree-14       	   60361	     24514 ns/op	         0 externals_before_internal/op	      4438 priority_latency_ns/op	    2096 B/op	      71 allocs/op
BenchmarkSchedulerPriorityLatency/AlternateThree-14       	   55563	     23298 ns/op	         0 externals_before_internal/op	      4114 priority_latency_ns/op	    2096 B/op	      71 allocs/op
BenchmarkSchedulerPriorityLatency/AlternateThree-14       	   52041	     24175 ns/op	         0 externals_before_internal/op	      4219 priority_latency_ns/op	    2096 B/op	      71 allocs/op
BenchmarkSchedulerPriorityLatency/Baseline-14             	  159507	      7533 ns/op	        64.00 externals_before_internal/op	      2310 priority_latency_ns/op	    4736 B/op	     203 allocs/op
BenchmarkSchedulerPriorityLatency/Baseline-14             	  158328	      7455 ns/op	        64.00 externals_before_internal/op	      2300 priority_latency_ns/op	    4736 B/op	     203 allocs/op
BenchmarkSchedulerPriorityLatency/Baseline-14             	  165087	      7444 ns/op	        64.00 externals_before_internal/op	      2310 priority_latency_ns/op	    4736 B/op	     203 allocs/op
BenchmarkSchedulerPriorityLatency/Baseline-14             	  166765	      7339 ns/op	        64.00 externals_before_internal/op	      2241 priority_latency_ns/op	    4736 B/op	     203 allocs/op
BenchmarkSchedulerPriorityLatency/Baseline-14             	  161088	      7808 ns/op	        64.00 externals_before_internal/op	      2309 priority_latency_ns/op	    4736 B/op	     203 allocs/op
BenchmarkSubmitInternalChainHandoff/Main-14               	  137456	      8611 ns/op	        32.00 handoffs/op	     784 B/op	      33 allocs/op
BenchmarkSubmitInternalChainHandoff/Main-14               	  136526	      8659 ns/op	        32.00 handoffs/op	     784 B/op	      33 allocs/op
BenchmarkSubmitInternalChainHandoff/Main-14               	  137554	      8651 ns/op	        32.00 handoffs/op	     784 B/op	      33 allocs/op
BenchmarkSubmitInternalChainHandoff/Main-14               	  135361	      8706 ns/op	        32.00 handoffs/op	     784 B/op	      33 allocs/op
BenchmarkSubmitInternalChainHandoff/Main-14               	  137420	      8861 ns/op	        32.00 handoffs/op	     784 B/op	      33 allocs/op
BenchmarkSubmitInternalChainHandoff/AlternateOne-14       	  125142	     10375 ns/op	        32.00 handoffs/op	     784 B/op	      33 allocs/op
BenchmarkSubmitInternalChainHandoff/AlternateOne-14       	  116821	     12405 ns/op	        32.00 handoffs/op	     784 B/op	      33 allocs/op
BenchmarkSubmitInternalChainHandoff/AlternateOne-14       	   78865	     13381 ns/op	        32.00 handoffs/op	     784 B/op	      33 allocs/op
BenchmarkSubmitInternalChainHandoff/AlternateOne-14       	   96006	     10864 ns/op	        32.00 handoffs/op	     784 B/op	      33 allocs/op
BenchmarkSubmitInternalChainHandoff/AlternateOne-14       	  120278	     10044 ns/op	        32.00 handoffs/op	     784 B/op	      33 allocs/op
BenchmarkSubmitInternalChainHandoff/AlternateTwo-14       	  119244	      9935 ns/op	        32.00 handoffs/op	     784 B/op	      33 allocs/op
BenchmarkSubmitInternalChainHandoff/AlternateTwo-14       	  122466	     10230 ns/op	        32.00 handoffs/op	     784 B/op	      33 allocs/op
BenchmarkSubmitInternalChainHandoff/AlternateTwo-14       	  112957	     12203 ns/op	        32.00 handoffs/op	     784 B/op	      33 allocs/op
BenchmarkSubmitInternalChainHandoff/AlternateTwo-14       	  118081	     10891 ns/op	        32.00 handoffs/op	     784 B/op	      33 allocs/op
BenchmarkSubmitInternalChainHandoff/AlternateTwo-14       	  109824	     12245 ns/op	        32.00 handoffs/op	     784 B/op	      33 allocs/op
BenchmarkSubmitInternalChainHandoff/AlternateThree-14     	   86402	     12874 ns/op	        32.00 handoffs/op	     784 B/op	      33 allocs/op
BenchmarkSubmitInternalChainHandoff/AlternateThree-14     	  100998	     11456 ns/op	        32.00 handoffs/op	     784 B/op	      33 allocs/op
BenchmarkSubmitInternalChainHandoff/AlternateThree-14     	  106963	     11217 ns/op	        32.00 handoffs/op	     784 B/op	      33 allocs/op
BenchmarkSubmitInternalChainHandoff/AlternateThree-14     	  107848	     11065 ns/op	        32.00 handoffs/op	     784 B/op	      33 allocs/op
BenchmarkSubmitInternalChainHandoff/AlternateThree-14     	  107920	     11143 ns/op	        32.00 handoffs/op	     784 B/op	      33 allocs/op
BenchmarkSubmitInternalChainHandoff/Baseline-14           	  243366	      4881 ns/op	        32.00 handoffs/op	    2104 B/op	      99 allocs/op
BenchmarkSubmitInternalChainHandoff/Baseline-14           	  243361	      4897 ns/op	        32.00 handoffs/op	    2104 B/op	      99 allocs/op
BenchmarkSubmitInternalChainHandoff/Baseline-14           	  224016	      4964 ns/op	        32.00 handoffs/op	    2104 B/op	      99 allocs/op
BenchmarkSubmitInternalChainHandoff/Baseline-14           	  245612	      4931 ns/op	        32.00 handoffs/op	    2104 B/op	      99 allocs/op
BenchmarkSubmitInternalChainHandoff/Baseline-14           	  242980	      4928 ns/op	        32.00 handoffs/op	    2104 B/op	      99 allocs/op
BenchmarkSchedulerInternalExternalBurst/Main-14           	 5062922	       232.3 ns/op	      33 B/op	       2 allocs/op
BenchmarkSchedulerInternalExternalBurst/Main-14           	 4934780	       232.7 ns/op	      34 B/op	       2 allocs/op
BenchmarkSchedulerInternalExternalBurst/Main-14           	 5111311	       235.2 ns/op	      33 B/op	       2 allocs/op
BenchmarkSchedulerInternalExternalBurst/Main-14           	 5220340	       233.8 ns/op	      33 B/op	       2 allocs/op
BenchmarkSchedulerInternalExternalBurst/Main-14           	 5185236	       234.5 ns/op	      32 B/op	       2 allocs/op
BenchmarkSchedulerInternalExternalBurst/AlternateOne-14   	 4245325	       262.6 ns/op	      32 B/op	       2 allocs/op
BenchmarkSchedulerInternalExternalBurst/AlternateOne-14   	 4383394	       267.4 ns/op	      32 B/op	       2 allocs/op
BenchmarkSchedulerInternalExternalBurst/AlternateOne-14   	 4754952	       271.3 ns/op	      32 B/op	       2 allocs/op
BenchmarkSchedulerInternalExternalBurst/AlternateOne-14   	 4750497	       253.4 ns/op	      32 B/op	       2 allocs/op
BenchmarkSchedulerInternalExternalBurst/AlternateOne-14   	 4747087	       255.1 ns/op	      32 B/op	       2 allocs/op
BenchmarkSchedulerInternalExternalBurst/AlternateTwo-14   	 3978577	       297.7 ns/op	      43 B/op	       2 allocs/op
BenchmarkSchedulerInternalExternalBurst/AlternateTwo-14   	 4192266	       281.8 ns/op	      42 B/op	       2 allocs/op
BenchmarkSchedulerInternalExternalBurst/AlternateTwo-14   	 4106878	       275.7 ns/op	      41 B/op	       2 allocs/op
BenchmarkSchedulerInternalExternalBurst/AlternateTwo-14   	 4787865	       290.1 ns/op	      44 B/op	       2 allocs/op
BenchmarkSchedulerInternalExternalBurst/AlternateTwo-14   	 4287420	       294.8 ns/op	      42 B/op	       2 allocs/op
BenchmarkSchedulerInternalExternalBurst/AlternateThree-14 	 9544836	       129.4 ns/op	      32 B/op	       2 allocs/op
BenchmarkSchedulerInternalExternalBurst/AlternateThree-14 	 9848924	       123.7 ns/op	      32 B/op	       2 allocs/op
BenchmarkSchedulerInternalExternalBurst/AlternateThree-14 	 9458820	       130.5 ns/op	      32 B/op	       2 allocs/op
BenchmarkSchedulerInternalExternalBurst/AlternateThree-14 	 9762297	       133.9 ns/op	      32 B/op	       2 allocs/op
BenchmarkSchedulerInternalExternalBurst/AlternateThree-14 	 9582628	       131.2 ns/op	      32 B/op	       2 allocs/op
BenchmarkSchedulerInternalExternalBurst/Baseline-14       	 9424795	       131.1 ns/op	     112 B/op	       6 allocs/op
BenchmarkSchedulerInternalExternalBurst/Baseline-14       	 9545257	       127.8 ns/op	     112 B/op	       6 allocs/op
BenchmarkSchedulerInternalExternalBurst/Baseline-14       	 9262722	       129.1 ns/op	     112 B/op	       6 allocs/op
BenchmarkSchedulerInternalExternalBurst/Baseline-14       	 9096861	       125.1 ns/op	     112 B/op	       6 allocs/op
BenchmarkSchedulerInternalExternalBurst/Baseline-14       	 9240574	       133.4 ns/op	     112 B/op	       6 allocs/op
PASS
ok  	github.com/joeycumines/go-eventloop/internal/tournament	106.937s
goos: darwin
goarch: arm64
pkg: github.com/joeycumines/goja-eventloop
cpu: Apple M3 Max
BenchmarkProcessBeforeExitSchedulesTimer-14    	    1035	   1166488 ns/op	    7722 B/op	      90 allocs/op
BenchmarkProcessBeforeExitSchedulesTimer-14    	    1021	   1169953 ns/op	    7691 B/op	      89 allocs/op
BenchmarkProcessBeforeExitSchedulesTimer-14    	    1016	   1164980 ns/op	    7674 B/op	      89 allocs/op
BenchmarkProcessBeforeExitSchedulesTimer-14    	    1022	   1173417 ns/op	    7680 B/op	      89 allocs/op
BenchmarkProcessBeforeExitSchedulesTimer-14    	    1023	   1171655 ns/op	    7668 B/op	      89 allocs/op
BenchmarkNativeAsyncAwaitResolve-14            	  273512	      4288 ns/op	    4450 B/op	      64 allocs/op
BenchmarkNativeAsyncAwaitResolve-14            	  287024	      4341 ns/op	    4450 B/op	      64 allocs/op
BenchmarkNativeAsyncAwaitResolve-14            	  296480	      4380 ns/op	    4450 B/op	      64 allocs/op
BenchmarkNativeAsyncAwaitResolve-14            	  274156	      4421 ns/op	    4450 B/op	      64 allocs/op
BenchmarkNativeAsyncAwaitResolve-14            	  277136	      4276 ns/op	    4450 B/op	      64 allocs/op
BenchmarkAdapterAsyncAwaitResolve-14           	  263032	      4443 ns/op	    4450 B/op	      64 allocs/op
BenchmarkAdapterAsyncAwaitResolve-14           	  265498	      4465 ns/op	    4450 B/op	      64 allocs/op
BenchmarkAdapterAsyncAwaitResolve-14           	  267105	      4360 ns/op	    4450 B/op	      64 allocs/op
BenchmarkAdapterAsyncAwaitResolve-14           	  274033	      4395 ns/op	    4450 B/op	      64 allocs/op
BenchmarkAdapterAsyncAwaitResolve-14           	  272275	      4347 ns/op	    4450 B/op	      64 allocs/op
BenchmarkNativePromiseThenChain-14             	   61200	     18945 ns/op	   31429 B/op	     447 allocs/op
BenchmarkNativePromiseThenChain-14             	   63196	     18466 ns/op	   31428 B/op	     447 allocs/op
BenchmarkNativePromiseThenChain-14             	   60776	     18827 ns/op	   31428 B/op	     447 allocs/op
BenchmarkNativePromiseThenChain-14             	   66309	     19086 ns/op	   31429 B/op	     447 allocs/op
BenchmarkNativePromiseThenChain-14             	   64544	     17930 ns/op	   31428 B/op	     447 allocs/op
BenchmarkGojaPromiseChainHandoff-14            	   62470	     18769 ns/op	   31429 B/op	     447 allocs/op
BenchmarkGojaPromiseChainHandoff-14            	   65932	     18331 ns/op	   31429 B/op	     447 allocs/op
BenchmarkGojaPromiseChainHandoff-14            	   63704	     19180 ns/op	   31428 B/op	     447 allocs/op
BenchmarkGojaPromiseChainHandoff-14            	   66799	     18408 ns/op	   31428 B/op	     447 allocs/op
BenchmarkGojaPromiseChainHandoff-14            	   64869	     18374 ns/op	   31429 B/op	     447 allocs/op
BenchmarkPromiseJobEnqueuerOverhead-14         	 1646682	       719.7 ns/op	      64 B/op	       2 allocs/op
BenchmarkPromiseJobEnqueuerOverhead-14         	 1674690	       719.2 ns/op	      64 B/op	       2 allocs/op
BenchmarkPromiseJobEnqueuerOverhead-14         	 1660764	       735.0 ns/op	      64 B/op	       2 allocs/op
BenchmarkPromiseJobEnqueuerOverhead-14         	 1657076	       717.3 ns/op	      64 B/op	       2 allocs/op
BenchmarkPromiseJobEnqueuerOverhead-14         	 1671070	       722.5 ns/op	      64 B/op	       2 allocs/op
BenchmarkScheduleMicrotaskBaseline-14          	 2083504	       593.8 ns/op	      16 B/op	       1 allocs/op
BenchmarkScheduleMicrotaskBaseline-14          	 2024962	       619.6 ns/op	      16 B/op	       1 allocs/op
BenchmarkScheduleMicrotaskBaseline-14          	 1971054	       615.2 ns/op	      16 B/op	       1 allocs/op
BenchmarkScheduleMicrotaskBaseline-14          	 1927111	       624.8 ns/op	      16 B/op	       1 allocs/op
BenchmarkScheduleMicrotaskBaseline-14          	 1915348	       623.2 ns/op	      16 B/op	       1 allocs/op
PASS
ok  	github.com/joeycumines/goja-eventloop	56.357s
gmake[1]: Leaving directory '/Users/joeyc/dev/go-utilpkg'
