go -C /work test -bench='^Benchmark(AutoExit_ImmediateExit|FDReadinessDispatchSingle|FDReadinessDispatchHighCount|SparseFDRegistration|MicrotaskScheduleExternal|MicrotaskScheduleLoopThread|NextTickScheduleExternal|NextTickScheduleLoopThread|NextTickRecursiveDrain|TimerScheduleSameDeadline100K|TimerScheduleRandomDeadlines|TimerCancelScale|SetIntervalSteadyTicks|SetImmediateBurst|MetricsHotPath|MetricsHotPathSnapshot|SchedulerPriorityLatency|SubmitInternalChainHandoff|SchedulerInternalExternalBurst|ProcessBeforeExitSchedulesTimer|NativeAsyncAwaitResolve|AdapterAsyncAwaitResolve|NativePromiseThenChain|GojaPromiseChainHandoff|PromiseJobEnqueuerOverhead|ScheduleMicrotaskBaseline)$' -benchmem -count=5 -run='^$' -benchtime=1s -timeout=10m ./eventloop ./eventloop/internal/tournament ./goja-eventloop
go: downloading github.com/joeycumines/goja v0.0.0-20260623201856-83e5a372a3c3
go: downloading github.com/joeycumines/goja_nodejs v0.0.0-20260623201902-5cfbacfa7161
go: downloading golang.org/x/sys v0.43.0
go: downloading golang.org/x/exp v0.0.0-20260410095643-746e56fc9e2f
go: downloading golang.org/x/text v0.36.0
go: downloading github.com/dlclark/regexp2/v2 v2.2.1
go: downloading github.com/google/pprof v0.0.0-20260402051712-545e8a4df936
go: downloading github.com/go-sourcemap/sourcemap v2.1.4+incompatible
go: downloading github.com/dlclark/regexp2 v1.12.0
goos: linux
goarch: arm64
pkg: github.com/joeycumines/go-eventloop
BenchmarkAutoExit_ImmediateExit-14           	  283260	      4679 ns/op	   15993 B/op	      28 allocs/op
BenchmarkAutoExit_ImmediateExit-14           	  260106	      4529 ns/op	   15992 B/op	      28 allocs/op
BenchmarkAutoExit_ImmediateExit-14           	  254683	      4722 ns/op	   15992 B/op	      28 allocs/op
BenchmarkAutoExit_ImmediateExit-14           	  256939	      5065 ns/op	   15992 B/op	      28 allocs/op
BenchmarkAutoExit_ImmediateExit-14           	  255832	      4714 ns/op	   15992 B/op	      28 allocs/op
BenchmarkFDReadinessDispatchSingle-14        	   32539	     40222 ns/op	      16 B/op	       1 allocs/op
BenchmarkFDReadinessDispatchSingle-14        	   28677	     42779 ns/op	      16 B/op	       1 allocs/op
BenchmarkFDReadinessDispatchSingle-14        	   28836	     41708 ns/op	      16 B/op	       1 allocs/op
BenchmarkFDReadinessDispatchSingle-14        	   27088	     42171 ns/op	      16 B/op	       1 allocs/op
BenchmarkFDReadinessDispatchSingle-14        	   28466	     42473 ns/op	      16 B/op	       1 allocs/op
BenchmarkFDReadinessDispatchHighCount-14     	    1977	    623238 ns/op	      1000 fds/op	   16009 B/op	    1000 allocs/op
BenchmarkFDReadinessDispatchHighCount-14     	    2016	    593474 ns/op	      1000 fds/op	   16009 B/op	    1000 allocs/op
BenchmarkFDReadinessDispatchHighCount-14     	    1672	    632825 ns/op	      1000 fds/op	   16011 B/op	    1000 allocs/op
BenchmarkFDReadinessDispatchHighCount-14     	    1582	    816829 ns/op	      1000 fds/op	   16012 B/op	    1000 allocs/op
BenchmarkFDReadinessDispatchHighCount-14     	    1512	    801635 ns/op	      1000 fds/op	   16012 B/op	    1000 allocs/op
BenchmarkSparseFDRegistration-14             	 1379554	       893.8 ns/op	      16 B/op	       1 allocs/op
BenchmarkSparseFDRegistration-14             	 1365200	       866.5 ns/op	      16 B/op	       1 allocs/op
BenchmarkSparseFDRegistration-14             	 1375836	       879.9 ns/op	      16 B/op	       1 allocs/op
BenchmarkSparseFDRegistration-14             	 1262668	       878.1 ns/op	      16 B/op	       1 allocs/op
BenchmarkSparseFDRegistration-14             	 1272661	       879.4 ns/op	      16 B/op	       1 allocs/op
BenchmarkMicrotaskScheduleExternal-14        	24235568	        48.86 ns/op	       0 B/op	       0 allocs/op
BenchmarkMicrotaskScheduleExternal-14        	23655146	        49.41 ns/op	       0 B/op	       0 allocs/op
BenchmarkMicrotaskScheduleExternal-14        	22323505	        49.29 ns/op	       0 B/op	       0 allocs/op
BenchmarkMicrotaskScheduleExternal-14        	23706434	        55.87 ns/op	       1 B/op	       0 allocs/op
BenchmarkMicrotaskScheduleExternal-14        	21916873	        48.03 ns/op	       0 B/op	       0 allocs/op
BenchmarkMicrotaskScheduleLoopThread-14      	152110665	         7.230 ns/op	       0 B/op	       0 allocs/op
BenchmarkMicrotaskScheduleLoopThread-14      	167182020	         7.173 ns/op	       0 B/op	       0 allocs/op
BenchmarkMicrotaskScheduleLoopThread-14      	168296808	         7.056 ns/op	       0 B/op	       0 allocs/op
BenchmarkMicrotaskScheduleLoopThread-14      	168328092	         7.124 ns/op	       0 B/op	       0 allocs/op
BenchmarkMicrotaskScheduleLoopThread-14      	166935808	         7.134 ns/op	       0 B/op	       0 allocs/op
BenchmarkNextTickScheduleExternal-14         	24164337	        47.88 ns/op	       0 B/op	       0 allocs/op
BenchmarkNextTickScheduleExternal-14         	24687124	        48.33 ns/op	       0 B/op	       0 allocs/op
BenchmarkNextTickScheduleExternal-14         	23314231	        48.36 ns/op	       0 B/op	       0 allocs/op
BenchmarkNextTickScheduleExternal-14         	25134202	        50.44 ns/op	       0 B/op	       0 allocs/op
BenchmarkNextTickScheduleExternal-14         	24288976	        48.23 ns/op	       0 B/op	       0 allocs/op
BenchmarkNextTickScheduleLoopThread-14       	167748865	         7.747 ns/op	       0 B/op	       0 allocs/op
BenchmarkNextTickScheduleLoopThread-14       	169039599	         7.864 ns/op	       0 B/op	       0 allocs/op
BenchmarkNextTickScheduleLoopThread-14       	166548512	         7.059 ns/op	       0 B/op	       0 allocs/op
BenchmarkNextTickScheduleLoopThread-14       	100000000	        10.58 ns/op	       0 B/op	       0 allocs/op
BenchmarkNextTickScheduleLoopThread-14       	175493942	         7.625 ns/op	       0 B/op	       0 allocs/op
BenchmarkNextTickRecursiveDrain-14           	98399628	        12.26 ns/op	       0 B/op	       0 allocs/op
BenchmarkNextTickRecursiveDrain-14           	97380188	        12.37 ns/op	       0 B/op	       0 allocs/op
BenchmarkNextTickRecursiveDrain-14           	98178236	        13.37 ns/op	       0 B/op	       0 allocs/op
BenchmarkNextTickRecursiveDrain-14           	97570216	        12.25 ns/op	       0 B/op	       0 allocs/op
BenchmarkNextTickRecursiveDrain-14           	97808127	        12.24 ns/op	       0 B/op	       0 allocs/op
BenchmarkTimerScheduleSameDeadline100K-14    	     171	   6890804 ns/op	    100000 timers/op	   27747 B/op	       4 allocs/op
BenchmarkTimerScheduleSameDeadline100K-14    	     180	   6618294 ns/op	    100000 timers/op	   26351 B/op	       3 allocs/op
BenchmarkTimerScheduleSameDeadline100K-14    	     182	   6484867 ns/op	    100000 timers/op	   26062 B/op	       3 allocs/op
BenchmarkTimerScheduleSameDeadline100K-14    	     186	   6376166 ns/op	    100000 timers/op	   25503 B/op	       3 allocs/op
BenchmarkTimerScheduleSameDeadline100K-14    	     192	   6285736 ns/op	    100000 timers/op	   24709 B/op	       3 allocs/op
BenchmarkTimerScheduleRandomDeadlines-14     	 2885516	       487.1 ns/op	     273 B/op	       1 allocs/op
BenchmarkTimerScheduleRandomDeadlines-14     	 2934867	       471.5 ns/op	     271 B/op	       1 allocs/op
BenchmarkTimerScheduleRandomDeadlines-14     	 2866000	       504.9 ns/op	     274 B/op	       1 allocs/op
BenchmarkTimerScheduleRandomDeadlines-14     	 3028902	       513.1 ns/op	     267 B/op	       1 allocs/op
BenchmarkTimerScheduleRandomDeadlines-14     	 2977638	       492.1 ns/op	     269 B/op	       1 allocs/op
BenchmarkTimerCancelScale-14                 	 6849924	       250.8 ns/op	      19 B/op	       0 allocs/op
BenchmarkTimerCancelScale-14                 	 7596256	       263.0 ns/op	      26 B/op	       0 allocs/op
BenchmarkTimerCancelScale-14                 	 6792091	       231.3 ns/op	      21 B/op	       0 allocs/op
BenchmarkTimerCancelScale-14                 	 6644827	       235.4 ns/op	      25 B/op	       0 allocs/op
BenchmarkTimerCancelScale-14                 	 7458187	       269.5 ns/op	      22 B/op	       0 allocs/op
BenchmarkSetIntervalSteadyTicks-14           	     260	   4694355 ns/op	      75 B/op	       1 allocs/op
BenchmarkSetIntervalSteadyTicks-14           	     279	   4673315 ns/op	      74 B/op	       1 allocs/op
BenchmarkSetIntervalSteadyTicks-14           	     258	   4658290 ns/op	      75 B/op	       1 allocs/op
BenchmarkSetIntervalSteadyTicks-14           	     282	   4513450 ns/op	      74 B/op	       1 allocs/op
BenchmarkSetIntervalSteadyTicks-14           	     271	   4507702 ns/op	      74 B/op	       1 allocs/op
BenchmarkSetImmediateBurst-14                	 4359646	       273.7 ns/op	      48 B/op	       2 allocs/op
BenchmarkSetImmediateBurst-14                	 4537476	       279.1 ns/op	      48 B/op	       2 allocs/op
BenchmarkSetImmediateBurst-14                	 4360522	       258.3 ns/op	      48 B/op	       2 allocs/op
BenchmarkSetImmediateBurst-14                	 4533069	       307.8 ns/op	      48 B/op	       2 allocs/op
BenchmarkSetImmediateBurst-14                	 4539272	       311.8 ns/op	      49 B/op	       2 allocs/op
BenchmarkMetricsHotPath-14                   	13145600	        92.29 ns/op	       0 B/op	       0 allocs/op
BenchmarkMetricsHotPath-14                   	13185345	        93.35 ns/op	       0 B/op	       0 allocs/op
BenchmarkMetricsHotPath-14                   	11781049	       102.2 ns/op	       0 B/op	       0 allocs/op
BenchmarkMetricsHotPath-14                   	13118804	        92.81 ns/op	       0 B/op	       0 allocs/op
BenchmarkMetricsHotPath-14                   	12985548	        94.00 ns/op	       0 B/op	       0 allocs/op
BenchmarkMetricsHotPathSnapshot-14           	  259018	      5045 ns/op	   17664 B/op	       2 allocs/op
BenchmarkMetricsHotPathSnapshot-14           	  236324	      4830 ns/op	   17664 B/op	       2 allocs/op
BenchmarkMetricsHotPathSnapshot-14           	  248241	      4802 ns/op	   17664 B/op	       2 allocs/op
BenchmarkMetricsHotPathSnapshot-14           	  248902	      4788 ns/op	   17664 B/op	       2 allocs/op
BenchmarkMetricsHotPathSnapshot-14           	  246322	      4586 ns/op	   17664 B/op	       2 allocs/op
PASS
ok  	github.com/joeycumines/go-eventloop	180.817s
goos: linux
goarch: arm64
pkg: github.com/joeycumines/go-eventloop/internal/tournament
BenchmarkSchedulerPriorityLatency/Main-14     	  131006	      8035 ns/op	         0 externals_before_internal/op	      1885 priority_latency_ns/op	    2096 B/op	      71 allocs/op
BenchmarkSchedulerPriorityLatency/Main-14     	  152817	      7689 ns/op	         0 externals_before_internal/op	      1814 priority_latency_ns/op	    2096 B/op	      71 allocs/op
BenchmarkSchedulerPriorityLatency/Main-14     	  152616	      7843 ns/op	         0 externals_before_internal/op	      1822 priority_latency_ns/op	    2096 B/op	      71 allocs/op
BenchmarkSchedulerPriorityLatency/Main-14     	  159783	      7509 ns/op	         0 externals_before_internal/op	      1750 priority_latency_ns/op	    2096 B/op	      71 allocs/op
BenchmarkSchedulerPriorityLatency/Main-14     	  166848	      7301 ns/op	         0 externals_before_internal/op	      1715 priority_latency_ns/op	    2096 B/op	      71 allocs/op
BenchmarkSchedulerPriorityLatency/AlternateOne-14         	   12944	     86450 ns/op	        64.00 externals_before_internal/op	     20226 priority_latency_ns/op	    2096 B/op	      71 allocs/op
BenchmarkSchedulerPriorityLatency/AlternateOne-14         	   10000	    102035 ns/op	        64.00 externals_before_internal/op	     24348 priority_latency_ns/op	    2096 B/op	      71 allocs/op
BenchmarkSchedulerPriorityLatency/AlternateOne-14         	   13177	     82867 ns/op	        64.00 externals_before_internal/op	     19322 priority_latency_ns/op	    2096 B/op	      71 allocs/op
BenchmarkSchedulerPriorityLatency/AlternateOne-14         	   14217	     88041 ns/op	        64.00 externals_before_internal/op	     20758 priority_latency_ns/op	    2096 B/op	      71 allocs/op
BenchmarkSchedulerPriorityLatency/AlternateOne-14         	   13504	     92704 ns/op	        64.00 externals_before_internal/op	     21425 priority_latency_ns/op	    2096 B/op	      71 allocs/op
BenchmarkSchedulerPriorityLatency/AlternateTwo-14         	   12156	     95413 ns/op	         0 externals_before_internal/op	     19595 priority_latency_ns/op	    2119 B/op	      71 allocs/op
BenchmarkSchedulerPriorityLatency/AlternateTwo-14         	   10000	    104250 ns/op	         0 externals_before_internal/op	     21382 priority_latency_ns/op	    2119 B/op	      71 allocs/op
BenchmarkSchedulerPriorityLatency/AlternateTwo-14         	   10000	    112018 ns/op	         0 externals_before_internal/op	     22905 priority_latency_ns/op	    2120 B/op	      71 allocs/op
BenchmarkSchedulerPriorityLatency/AlternateTwo-14         	   12542	     91791 ns/op	         0 externals_before_internal/op	     18637 priority_latency_ns/op	    2118 B/op	      71 allocs/op
BenchmarkSchedulerPriorityLatency/AlternateTwo-14         	   10000	    101297 ns/op	         0 externals_before_internal/op	     20644 priority_latency_ns/op	    2119 B/op	      71 allocs/op
BenchmarkSchedulerPriorityLatency/AlternateThree-14       	   12457	     91760 ns/op	         0 externals_before_internal/op	     19145 priority_latency_ns/op	    2096 B/op	      71 allocs/op
BenchmarkSchedulerPriorityLatency/AlternateThree-14       	   13315	     93778 ns/op	         0 externals_before_internal/op	     19745 priority_latency_ns/op	    2096 B/op	      71 allocs/op
BenchmarkSchedulerPriorityLatency/AlternateThree-14       	   13292	     92401 ns/op	         0 externals_before_internal/op	     19229 priority_latency_ns/op	    2096 B/op	      71 allocs/op
BenchmarkSchedulerPriorityLatency/AlternateThree-14       	   12058	     98155 ns/op	         0 externals_before_internal/op	     20555 priority_latency_ns/op	    2096 B/op	      71 allocs/op
BenchmarkSchedulerPriorityLatency/AlternateThree-14       	   12420	     99031 ns/op	         0 externals_before_internal/op	     20563 priority_latency_ns/op	    2096 B/op	      71 allocs/op
BenchmarkSchedulerPriorityLatency/Baseline-14             	  154148	      7804 ns/op	        64.00 externals_before_internal/op	      2155 priority_latency_ns/op	    4736 B/op	     203 allocs/op
BenchmarkSchedulerPriorityLatency/Baseline-14             	  151882	      8152 ns/op	        64.00 externals_before_internal/op	      2284 priority_latency_ns/op	    4736 B/op	     203 allocs/op
BenchmarkSchedulerPriorityLatency/Baseline-14             	  152191	      7968 ns/op	        64.00 externals_before_internal/op	      2287 priority_latency_ns/op	    4736 B/op	     203 allocs/op
BenchmarkSchedulerPriorityLatency/Baseline-14             	  157218	      7730 ns/op	        64.00 externals_before_internal/op	      2083 priority_latency_ns/op	    4736 B/op	     203 allocs/op
BenchmarkSchedulerPriorityLatency/Baseline-14             	  148407	      7712 ns/op	        64.00 externals_before_internal/op	      2064 priority_latency_ns/op	    4736 B/op	     203 allocs/op
BenchmarkSubmitInternalChainHandoff/Main-14               	  122556	      9503 ns/op	        32.00 handoffs/op	     784 B/op	      33 allocs/op
BenchmarkSubmitInternalChainHandoff/Main-14               	  127701	      9521 ns/op	        32.00 handoffs/op	     784 B/op	      33 allocs/op
BenchmarkSubmitInternalChainHandoff/Main-14               	  126049	      9566 ns/op	        32.00 handoffs/op	     784 B/op	      33 allocs/op
BenchmarkSubmitInternalChainHandoff/Main-14               	  125178	      9641 ns/op	        32.00 handoffs/op	     784 B/op	      33 allocs/op
BenchmarkSubmitInternalChainHandoff/Main-14               	  121279	      9433 ns/op	        32.00 handoffs/op	     784 B/op	      33 allocs/op
BenchmarkSubmitInternalChainHandoff/AlternateOne-14       	   39990	     29200 ns/op	        32.00 handoffs/op	     784 B/op	      33 allocs/op
BenchmarkSubmitInternalChainHandoff/AlternateOne-14       	   40617	     28935 ns/op	        32.00 handoffs/op	     784 B/op	      33 allocs/op
BenchmarkSubmitInternalChainHandoff/AlternateOne-14       	   40761	     29469 ns/op	        32.00 handoffs/op	     784 B/op	      33 allocs/op
BenchmarkSubmitInternalChainHandoff/AlternateOne-14       	   41821	     29317 ns/op	        32.00 handoffs/op	     784 B/op	      33 allocs/op
BenchmarkSubmitInternalChainHandoff/AlternateOne-14       	   40023	     29794 ns/op	        32.00 handoffs/op	     784 B/op	      33 allocs/op
BenchmarkSubmitInternalChainHandoff/AlternateTwo-14       	   40254	     31665 ns/op	        32.00 handoffs/op	     784 B/op	      33 allocs/op
BenchmarkSubmitInternalChainHandoff/AlternateTwo-14       	   39444	     31258 ns/op	        32.00 handoffs/op	     784 B/op	      33 allocs/op
BenchmarkSubmitInternalChainHandoff/AlternateTwo-14       	   35232	     34769 ns/op	        32.00 handoffs/op	     784 B/op	      33 allocs/op
BenchmarkSubmitInternalChainHandoff/AlternateTwo-14       	   35773	     33703 ns/op	        32.00 handoffs/op	     784 B/op	      33 allocs/op
BenchmarkSubmitInternalChainHandoff/AlternateTwo-14       	   37506	     32989 ns/op	        32.00 handoffs/op	     784 B/op	      33 allocs/op
BenchmarkSubmitInternalChainHandoff/AlternateThree-14     	   34545	     33295 ns/op	        32.00 handoffs/op	     784 B/op	      33 allocs/op
BenchmarkSubmitInternalChainHandoff/AlternateThree-14     	   32695	     37240 ns/op	        32.00 handoffs/op	     784 B/op	      33 allocs/op
BenchmarkSubmitInternalChainHandoff/AlternateThree-14     	   30022	     39278 ns/op	        32.00 handoffs/op	     784 B/op	      33 allocs/op
BenchmarkSubmitInternalChainHandoff/AlternateThree-14     	   33986	     35210 ns/op	        32.00 handoffs/op	     784 B/op	      33 allocs/op
BenchmarkSubmitInternalChainHandoff/AlternateThree-14     	   41091	     28742 ns/op	        32.00 handoffs/op	     784 B/op	      33 allocs/op
BenchmarkSubmitInternalChainHandoff/Baseline-14           	  228403	      5231 ns/op	        32.00 handoffs/op	    2104 B/op	      99 allocs/op
BenchmarkSubmitInternalChainHandoff/Baseline-14           	  231343	      5237 ns/op	        32.00 handoffs/op	    2104 B/op	      99 allocs/op
BenchmarkSubmitInternalChainHandoff/Baseline-14           	  228276	      5236 ns/op	        32.00 handoffs/op	    2104 B/op	      99 allocs/op
BenchmarkSubmitInternalChainHandoff/Baseline-14           	  234465	      5218 ns/op	        32.00 handoffs/op	    2104 B/op	      99 allocs/op
BenchmarkSubmitInternalChainHandoff/Baseline-14           	  225099	      5252 ns/op	        32.00 handoffs/op	    2104 B/op	      99 allocs/op
BenchmarkSchedulerInternalExternalBurst/Main-14           	 5580772	       193.3 ns/op	      32 B/op	       2 allocs/op
BenchmarkSchedulerInternalExternalBurst/Main-14           	 6152749	       191.8 ns/op	      32 B/op	       2 allocs/op
BenchmarkSchedulerInternalExternalBurst/Main-14           	 6156928	       192.3 ns/op	      32 B/op	       2 allocs/op
BenchmarkSchedulerInternalExternalBurst/Main-14           	 5081606	       197.0 ns/op	      32 B/op	       2 allocs/op
BenchmarkSchedulerInternalExternalBurst/Main-14           	 6195937	       193.3 ns/op	      32 B/op	       2 allocs/op
BenchmarkSchedulerInternalExternalBurst/AlternateOne-14   	 4657996	       238.3 ns/op	      33 B/op	       2 allocs/op
BenchmarkSchedulerInternalExternalBurst/AlternateOne-14   	 5142115	       253.2 ns/op	      33 B/op	       2 allocs/op
BenchmarkSchedulerInternalExternalBurst/AlternateOne-14   	 4689597	       239.3 ns/op	      33 B/op	       2 allocs/op
BenchmarkSchedulerInternalExternalBurst/AlternateOne-14   	 4975696	       240.4 ns/op	      33 B/op	       2 allocs/op
BenchmarkSchedulerInternalExternalBurst/AlternateOne-14   	 5123384	       256.2 ns/op	      33 B/op	       2 allocs/op
BenchmarkSchedulerInternalExternalBurst/AlternateTwo-14   	 4010155	       325.2 ns/op	      45 B/op	       2 allocs/op
BenchmarkSchedulerInternalExternalBurst/AlternateTwo-14   	 3653470	       325.9 ns/op	      44 B/op	       2 allocs/op
BenchmarkSchedulerInternalExternalBurst/AlternateTwo-14   	 3553407	       301.4 ns/op	      43 B/op	       2 allocs/op
BenchmarkSchedulerInternalExternalBurst/AlternateTwo-14   	 3726171	       338.6 ns/op	      48 B/op	       2 allocs/op
BenchmarkSchedulerInternalExternalBurst/AlternateTwo-14   	 3707132	       318.3 ns/op	      45 B/op	       2 allocs/op
BenchmarkSchedulerInternalExternalBurst/AlternateThree-14 	 5852244	       201.5 ns/op	      32 B/op	       2 allocs/op
BenchmarkSchedulerInternalExternalBurst/AlternateThree-14 	 6009204	       195.3 ns/op	      32 B/op	       2 allocs/op
BenchmarkSchedulerInternalExternalBurst/AlternateThree-14 	 5797868	       199.4 ns/op	      32 B/op	       2 allocs/op
BenchmarkSchedulerInternalExternalBurst/AlternateThree-14 	 6548150	       200.1 ns/op	      32 B/op	       2 allocs/op
BenchmarkSchedulerInternalExternalBurst/AlternateThree-14 	 5532801	       186.1 ns/op	      32 B/op	       2 allocs/op
BenchmarkSchedulerInternalExternalBurst/Baseline-14       	 8961847	       133.8 ns/op	     112 B/op	       6 allocs/op
BenchmarkSchedulerInternalExternalBurst/Baseline-14       	 9016423	       135.4 ns/op	     112 B/op	       6 allocs/op
BenchmarkSchedulerInternalExternalBurst/Baseline-14       	 8853278	       136.0 ns/op	     112 B/op	       6 allocs/op
BenchmarkSchedulerInternalExternalBurst/Baseline-14       	 8944260	       137.1 ns/op	     112 B/op	       6 allocs/op
BenchmarkSchedulerInternalExternalBurst/Baseline-14       	 8656855	       133.2 ns/op	     112 B/op	       6 allocs/op
PASS
ok  	github.com/joeycumines/go-eventloop/internal/tournament	113.384s
goos: linux
goarch: arm64
pkg: github.com/joeycumines/goja-eventloop
BenchmarkProcessBeforeExitSchedulesTimer-14    	     858	   1518809 ns/op	    7717 B/op	      90 allocs/op
BenchmarkProcessBeforeExitSchedulesTimer-14    	     781	   1495951 ns/op	    7679 B/op	      89 allocs/op
BenchmarkProcessBeforeExitSchedulesTimer-14    	     751	   1561869 ns/op	    7662 B/op	      89 allocs/op
BenchmarkProcessBeforeExitSchedulesTimer-14    	     759	   1527873 ns/op	    7663 B/op	      89 allocs/op
BenchmarkProcessBeforeExitSchedulesTimer-14    	     778	   1543458 ns/op	    7659 B/op	      89 allocs/op
BenchmarkNativeAsyncAwaitResolve-14            	  270866	      4009 ns/op	    4450 B/op	      64 allocs/op
BenchmarkNativeAsyncAwaitResolve-14            	  305205	      3932 ns/op	    4450 B/op	      64 allocs/op
BenchmarkNativeAsyncAwaitResolve-14            	  294313	      3960 ns/op	    4450 B/op	      64 allocs/op
BenchmarkNativeAsyncAwaitResolve-14            	  304567	      3931 ns/op	    4450 B/op	      64 allocs/op
BenchmarkNativeAsyncAwaitResolve-14            	  287046	      3942 ns/op	    4450 B/op	      64 allocs/op
BenchmarkAdapterAsyncAwaitResolve-14           	  286314	      4010 ns/op	    4450 B/op	      64 allocs/op
BenchmarkAdapterAsyncAwaitResolve-14           	  289222	      4475 ns/op	    4450 B/op	      64 allocs/op
BenchmarkAdapterAsyncAwaitResolve-14           	  239104	      4535 ns/op	    4450 B/op	      64 allocs/op
BenchmarkAdapterAsyncAwaitResolve-14           	  290545	      4025 ns/op	    4450 B/op	      64 allocs/op
BenchmarkAdapterAsyncAwaitResolve-14           	  292368	      4108 ns/op	    4450 B/op	      64 allocs/op
BenchmarkNativePromiseThenChain-14             	   54278	     25172 ns/op	   31429 B/op	     447 allocs/op
BenchmarkNativePromiseThenChain-14             	   53505	     22694 ns/op	   31429 B/op	     447 allocs/op
BenchmarkNativePromiseThenChain-14             	   52544	     24929 ns/op	   31429 B/op	     447 allocs/op
BenchmarkNativePromiseThenChain-14             	   55226	     22231 ns/op	   31429 B/op	     447 allocs/op
BenchmarkNativePromiseThenChain-14             	   55158	     22306 ns/op	   31429 B/op	     447 allocs/op
BenchmarkGojaPromiseChainHandoff-14            	   53108	     22913 ns/op	   31429 B/op	     447 allocs/op
BenchmarkGojaPromiseChainHandoff-14            	   53385	     24208 ns/op	   31429 B/op	     447 allocs/op
BenchmarkGojaPromiseChainHandoff-14            	   49890	     22880 ns/op	   31429 B/op	     447 allocs/op
BenchmarkGojaPromiseChainHandoff-14            	   53402	     21555 ns/op	   31429 B/op	     447 allocs/op
BenchmarkGojaPromiseChainHandoff-14            	   57588	     21371 ns/op	   31429 B/op	     447 allocs/op
BenchmarkPromiseJobEnqueuerOverhead-14         	 1877746	       635.7 ns/op	      64 B/op	       2 allocs/op
BenchmarkPromiseJobEnqueuerOverhead-14         	 1892545	       630.6 ns/op	      64 B/op	       2 allocs/op
BenchmarkPromiseJobEnqueuerOverhead-14         	 1874310	       748.5 ns/op	      64 B/op	       2 allocs/op
BenchmarkPromiseJobEnqueuerOverhead-14         	 1677913	       695.6 ns/op	      64 B/op	       2 allocs/op
BenchmarkPromiseJobEnqueuerOverhead-14         	 1854565	       644.2 ns/op	      64 B/op	       2 allocs/op
BenchmarkScheduleMicrotaskBaseline-14          	 2277981	       543.2 ns/op	      16 B/op	       1 allocs/op
BenchmarkScheduleMicrotaskBaseline-14          	 2218849	       681.6 ns/op	      16 B/op	       1 allocs/op
BenchmarkScheduleMicrotaskBaseline-14          	 2114973	       549.3 ns/op	      16 B/op	       1 allocs/op
BenchmarkScheduleMicrotaskBaseline-14          	 2085152	       571.8 ns/op	      16 B/op	       1 allocs/op
BenchmarkScheduleMicrotaskBaseline-14          	 2116521	       614.8 ns/op	      16 B/op	       1 allocs/op
PASS
ok  	github.com/joeycumines/goja-eventloop	58.112s
